delta-sat
(
	(x (interval (closed (/ 884279719003555 281474976710656)) (closed (/ 7074237752028441 2251799813685248))))
	(y (interval (closed (/ 1592262918131443 1125899906842624)) (closed (/ 3184525836262887 2251799813685248))))
	(z 6)
	(w (interval (closed (/ (- 7074237752028441) 2251799813685248)) (closed (/ (- 884279719003555) 281474976710656))))
	(i 3)
	(j (- 3))
	(b1 false)
	(b2 true)
)
