delta-sat with delta = 0.001
(
	(x (interval (closed (/ 4460252480957055 2251799813685248)) (closed (/ 1115626070192685 562949953421312))))
	(y (interval (closed (/ 449234062830207 2251799813685248)) (closed (/ 1805943450575569 9007199254740992))))
	(z (interval (closed (/ (- 5799510420146357) 2251799813685248)) (closed (/ (- 5797258620332671) 2251799813685248))))
	((+ x y) (interval (closed (/ 2454743271893631 1125899906842624)) (closed (/ 4913990143414633 2251799813685248))))
	(b1 true)
	(b2 false)
	(b3 true)
)
