delta-sat with delta = 0.001
(model
  (define-fun i () Int 99)
)
