delta-sat with delta = 0.001
delta-sat with delta = 0.001
unsat
unsat
unsat
unsat
unsat
unsat
unsat
unsat
unsat
unsat
unsat
unsat
unsat
unsat
unsat
